D:\Projekty\Java\proj\twix\src\main\java\twix\database\TwixRezerwacjaBroni.java
D:\Projekty\Java\proj\twix\src\main\java\twix\gui\UserCostsScreen.java
D:\Projekty\Java\proj\twix\src\main\java\twix\gui\AdminAddScoreScreen.java
D:\Projekty\Java\proj\twix\src\main\java\twix\repository\RankingRepository.java
D:\Projekty\Java\proj\twix\target\generated-sources\java\twix\database\qdsl\QTwixSLTorow.java
D:\Projekty\Java\proj\twix\target\generated-sources\java\twix\database\qdsl\QTwixBronAmunicja.java
D:\Projekty\Java\proj\twix\src\main\java\twix\database\TwixKlienci.java
D:\Projekty\Java\proj\twix\src\main\java\twix\database\TwixWyniki.java
D:\Projekty\Java\proj\twix\src\main\java\twix\gui\Screens.java
D:\Projekty\Java\proj\twix\src\main\java\twix\gui\UserStatsScreen.java
D:\Projekty\Java\proj\twix\src\main\java\twix\database\TwixSLTorow.java
D:\Projekty\Java\proj\twix\target\generated-sources\java\twix\database\qdsl\QTwixKlienci.java
D:\Projekty\Java\proj\twix\src\main\java\twix\repository\BaseRepository.java
D:\Projekty\Java\proj\twix\target\generated-sources\java\twix\database\qdsl\QTwixSLBroni.java
D:\Projekty\Java\proj\twix\src\main\java\twix\repository\TorRepository.java
D:\Projekty\Java\proj\twix\src\main\java\twix\Main.java
D:\Projekty\Java\proj\twix\src\main\java\twix\gui\RegisterScreen.java
D:\Projekty\Java\proj\twix\src\main\java\twix\gui\LoginScreen.java
D:\Projekty\Java\proj\twix\src\main\java\twix\database\TwixSLBroni.java
D:\Projekty\Java\proj\twix\target\generated-sources\java\twix\database\qdsl\QTwixWyniki.java
D:\Projekty\Java\proj\twix\src\main\java\twix\repository\BronRepository.java
D:\Projekty\Java\proj\twix\src\main\java\twix\database\TwixRezerwacja.java
D:\Projekty\Java\proj\twix\src\main\java\twix\database\TwixSLAmunicji.java
D:\Projekty\Java\proj\twix\src\main\java\twix\gui\RankingScreen.java
D:\Projekty\Java\proj\twix\src\main\java\twix\gui\AdminEditUserScreen.java
D:\Projekty\Java\proj\twix\src\main\java\twix\gui\AdminRezerwacjeScreen.java
D:\Projekty\Java\proj\twix\src\main\java\twix\database\TwixBronAmunicja.java
D:\Projekty\Java\proj\twix\target\generated-sources\java\twix\database\qdsl\QTwixSLAmunicji.java
D:\Projekty\Java\proj\twix\src\main\java\twix\login\Login.java
D:\Projekty\Java\proj\twix\target\generated-sources\java\twix\database\qdsl\QTwixRezerwacja.java
D:\Projekty\Java\proj\twix\src\main\java\twix\gui\AdminMainScreen.java
D:\Projekty\Java\proj\twix\src\main\java\twix\repository\KlientRepository.java
D:\Projekty\Java\proj\twix\src\main\java\twix\gui\UserMainScreen.java
D:\Projekty\Java\proj\twix\target\generated-sources\java\twix\database\qdsl\QTwixSLRangi.java
D:\Projekty\Java\proj\twix\src\main\java\twix\gui\UserRezerwacjaScreen.java
D:\Projekty\Java\proj\twix\src\main\java\twix\gui\Presentation.java
D:\Projekty\Java\proj\twix\src\main\java\twix\gui\MainScreen.java
D:\Projekty\Java\proj\twix\src\main\java\twix\gui\AdminDeleteUserScreen.java
D:\Projekty\Java\proj\twix\target\generated-sources\java\twix\database\qdsl\QTwixRezerwacjaBroni.java
D:\Projekty\Java\proj\twix\src\main\java\twix\repository\RezerwacjaRepository.java
D:\Projekty\Java\proj\twix\src\main\java\twix\database\TwixSLRangi.java
